G:\LiveLCTI\livelcti_misy_crud_controle_tam_tsila\livelcti\src\main\java\fr\urssaf\livelcti\livelctibe\entity\EntrepriseEntity.java
G:\LiveLCTI\livelcti_misy_crud_controle_tam_tsila\livelcti\target\generated-sources\openapi\client\src\main\java\fr\urssaf\livelcti\livelctibe\apiclient\fullstack\CompanyApi.java
G:\LiveLCTI\livelcti_misy_crud_controle_tam_tsila\livelcti\target\generated-sources\openapi\exposee\src\main\java\fr\urssaf\livelcti\livelctibe\api\dto\exemple\appelexterne\EntrepriseType.java
G:\LiveLCTI\livelcti_misy_crud_controle_tam_tsila\livelcti\target\generated-sources\openapi\exposee\src\main\java\fr\urssaf\livelcti\livelctibe\apiexternes\companies\dto\CompanyType.java
G:\LiveLCTI\livelcti_misy_crud_controle_tam_tsila\livelcti\target\generated-sources\openapi\exposee\src\main\java\fr\urssaf\livelcti\livelctibe\api\dto\exemple\appelexterne\AgentType.java
G:\LiveLCTI\livelcti_misy_crud_controle_tam_tsila\livelcti\src\main\java\fr\urssaf\livelcti\livelctibe\property\ReiEntity.java
G:\LiveLCTI\livelcti_misy_crud_controle_tam_tsila\livelcti\src\main\java\fr\urssaf\livelcti\livelctibe\service\EntrepriseService.java
G:\LiveLCTI\livelcti_misy_crud_controle_tam_tsila\livelcti\src\main\java\fr\urssaf\livelcti\livelctibe\property\EnumConsentement.java
G:\LiveLCTI\livelcti_misy_crud_controle_tam_tsila\livelcti\src\main\java\fr\urssaf\livelcti\livelctibe\LivelctiApplication.java
G:\LiveLCTI\livelcti_misy_crud_controle_tam_tsila\livelcti\src\main\java\fr\urssaf\livelcti\livelctibe\property\EnumEtat.java
G:\LiveLCTI\livelcti_misy_crud_controle_tam_tsila\livelcti\target\generated-sources\openapi\exposee\src\main\java\fr\urssaf\livelcti\livelctibe\api\dto\exemple\appelexterne\AdresseType.java
G:\LiveLCTI\livelcti_misy_crud_controle_tam_tsila\livelcti\src\main\java\fr\urssaf\livelcti\livelctibe\mapper\EntrepriseMapper.java
G:\LiveLCTI\livelcti_misy_crud_controle_tam_tsila\livelcti\target\generated-sources\openapi\exposee\src\main\java\fr\urssaf\livelcti\livelctibe\api\dto\exemple\appelexterne\AttestationType.java
G:\LiveLCTI\livelcti_misy_crud_controle_tam_tsila\livelcti\src\main\java\fr\urssaf\livelcti\livelctibe\property\EnumVersement.java
G:\LiveLCTI\livelcti_misy_crud_controle_tam_tsila\livelcti\src\main\java\fr\urssaf\livelcti\livelctibe\property\Salaire.java
G:\LiveLCTI\livelcti_misy_crud_controle_tam_tsila\livelcti\src\main\java\fr\urssaf\livelcti\livelctibe\repository\EntrepriseRepository.java
G:\LiveLCTI\livelcti_misy_crud_controle_tam_tsila\livelcti\src\main\java\fr\urssaf\livelcti\livelctibe\property\OpcEntity.java
G:\LiveLCTI\livelcti_misy_crud_controle_tam_tsila\livelcti\src\main\java\fr\urssaf\livelcti\livelctibe\config\RestTemplateConfig.java
G:\LiveLCTI\livelcti_misy_crud_controle_tam_tsila\livelcti\src\main\java\fr\urssaf\livelcti\livelctibe\property\CaaeEntity.java
G:\LiveLCTI\livelcti_misy_crud_controle_tam_tsila\livelcti\src\main\java\fr\urssaf\livelcti\livelctibe\property\Obp7Entity.java
G:\LiveLCTI\livelcti_misy_crud_controle_tam_tsila\livelcti\target\generated-sources\openapi\exposee\src\main\java\fr\urssaf\livelcti\livelctibe\apiexternes\companies\CompaniesApi.java
G:\LiveLCTI\livelcti_misy_crud_controle_tam_tsila\livelcti\src\main\java\fr\urssaf\livelcti\livelctibe\api\controles\EntrepriseApiControl.java
G:\LiveLCTI\livelcti_misy_crud_controle_tam_tsila\livelcti\src\main\java\fr\urssaf\livelcti\livelctibe\service\impl\EntrepriseServiceImpl.java
G:\LiveLCTI\livelcti_misy_crud_controle_tam_tsila\livelcti\src\main\java\fr\urssaf\livelcti\livelctibe\property\EnumCleLibelle.java
G:\LiveLCTI\livelcti_misy_crud_controle_tam_tsila\livelcti\target\generated-sources\openapi\exposee\src\main\java\fr\urssaf\livelcti\livelctibe\dto\livelcti\v3\EntrepriseType.java
G:\LiveLCTI\livelcti_misy_crud_controle_tam_tsila\livelcti\src\main\java\fr\urssaf\livelcti\livelctibe\property\EnumCleCodeErreur.java
G:\LiveLCTI\livelcti_misy_crud_controle_tam_tsila\livelcti\target\generated-sources\openapi\exposee\src\main\java\fr\urssaf\livelcti\livelctibe\api\livelcti\v3\EntreprisesApi.java
G:\LiveLCTI\livelcti_misy_crud_controle_tam_tsila\livelcti\target\generated-sources\openapi\exposee\src\main\java\fr\urssaf\livelcti\livelctibe\dto\livelcti\v3\ControlesType.java
G:\LiveLCTI\livelcti_misy_crud_controle_tam_tsila\livelcti\target\generated-sources\openapi\exposee\src\main\java\fr\urssaf\livelcti\livelctibe\api\dto\exemple\appelexterne\AttestationFormulaireType.java
G:\LiveLCTI\livelcti_misy_crud_controle_tam_tsila\livelcti\target\generated-sources\openapi\exposee\src\main\java\fr\urssaf\livelcti\livelctibe\api\livelcti\v3\ControlesApi.java
G:\LiveLCTI\livelcti_misy_crud_controle_tam_tsila\livelcti\src\main\java\fr\urssaf\livelcti\livelctibe\property\DsnEntity.java
G:\LiveLCTI\livelcti_misy_crud_controle_tam_tsila\livelcti\src\main\java\fr\urssaf\livelcti\livelctibe\mapper\GenericMapper.java
G:\LiveLCTI\livelcti_misy_crud_controle_tam_tsila\livelcti\target\generated-sources\openapi\client\src\main\java\fr\urssaf\livelcti\livelctibe\apiclient\fullstack\dto\CompanyTypeDTO.java
G:\LiveLCTI\livelcti_misy_crud_controle_tam_tsila\livelcti\target\generated-sources\openapi\exposee\src\main\java\fr\urssaf\livelcti\livelctibe\api\exemple\appelexterne\RemoteEntreprisesApi.java
G:\LiveLCTI\livelcti_misy_crud_controle_tam_tsila\livelcti\target\generated-sources\openapi\exposee\src\main\java\fr\urssaf\livelcti\livelctibe\api\hello\HelloApi.java
G:\LiveLCTI\livelcti_misy_crud_controle_tam_tsila\livelcti\target\generated-sources\openapi\exposee\src\main\java\fr\urssaf\livelcti\livelctibe\api\dto\exemple\appelexterne\CommuneType.java
G:\LiveLCTI\livelcti_misy_crud_controle_tam_tsila\livelcti\src\main\java\fr\urssaf\livelcti\livelctibe\property\DpaeEntity.java
G:\LiveLCTI\livelcti_misy_crud_controle_tam_tsila\livelcti\target\generated-sources\openapi\exposee\src\main\java\fr\urssaf\livelcti\livelctibe\api\dto\exemple\appelexterne\SuiviCreationEntrepriseErreurType.java
